#auto generated file!
60.0;397;792;1211
66.0;406;800;1194
72.0;416;805;1179
78.0;422;819;1159
84.0;426;827;1147
90.0;433;839;1128
96.0;440;846;1114
102.0;444;852;1104
108.0;448;853;1099
114.0;445;860;1095
120.0;460;866;1074
126.0;466;854;1080
132.0;475;864;1061
138.0;478;871;1051
144.0;480;867;1053
150.0;488;862;1050
156.0;488;870;1042
162.0;491;879;1030
168.0;500;886;1014
174.0;507;881;1012
180.0;513;881;1006
186.0;518;883;999
192.0;525;888;987
198.0;532;888;980
204.0;528;889;983
210.0;529;897;974
216.0;539;900;961
222.0;540;904;956
228.0;540;912;948
234.0;544;920;936
240.0;547;923;930
246.0;551;937;912
252.0;566;936;898
258.0;568;938;894
264.0;575;941;884
270.0;579;944;877
276.0;582;946;872
282.0;588;944;868
288.0;591;941;868
294.0;587;940;873
