#auto generated file!
60.0;81;119;200
66.0;82;124;194
72.0;82;122;196
78.0;83;123;194
84.0;83;129;188
90.0;85;130;185
96.0;88;128;184
102.0;90;133;177
108.0;90;137;173
114.0;91;141;168
120.0;91;144;165
126.0;93;140;167
132.0;95;141;164
138.0;100;142;158
144.0;99;145;156
150.0;98;149;153
156.0;97;148;155
162.0;97;148;155
168.0;98;144;158
174.0;100;145;155
180.0;100;146;154
186.0;103;150;147
192.0;102;149;149
198.0;103;147;150
204.0;103;148;149
210.0;101;152;147
216.0;103;147;150
222.0;103;151;146
228.0;103;150;147
234.0;104;147;149
240.0;102;149;149
246.0;103;149;148
252.0;104;150;146
258.0;102;151;147
264.0;101;151;148
270.0;102;147;151
276.0;102;150;148
282.0;100;154;146
288.0;100;151;149
294.0;102;154;144
