#auto generated file!
60.0;29;66;105
66.0;29;66;105
72.0;28;68;104
78.0;27;70;103
84.0;27;74;99
90.0;27;73;100
96.0;29;73;98
102.0;28;73;99
108.0;29;76;95
114.0;29;77;94
120.0;30;79;91
126.0;31;79;90
132.0;32;78;90
138.0;32;77;91
144.0;32;77;91
150.0;33;77;90
156.0;35;77;88
162.0;36;77;87
168.0;36;77;87
174.0;35;79;86
180.0;33;81;86
186.0;34;82;84
192.0;38;81;81
198.0;38;83;79
204.0;37;85;78
210.0;37;84;79
216.0;38;84;78
222.0;38;87;75
228.0;38;87;75
234.0;38;87;75
240.0;38;86;76
246.0;38;87;75
252.0;39;85;76
258.0;40;84;76
264.0;40;85;75
270.0;40;85;75
276.0;42;82;76
282.0;41;83;76
288.0;39;85;76
294.0;40;85;75
