#auto generated file!
60.0;158;334;508
66.0;159;338;503
72.0;159;338;503
78.0;161;343;496
84.0;162;345;493
90.0;165;344;491
96.0;166;352;482
102.0;167;360;473
108.0;170;360;470
114.0;169;364;467
120.0;171;370;459
126.0;171;374;455
132.0;174;384;442
138.0;178;381;441
144.0;184;381;435
150.0;185;381;434
156.0;188;383;429
162.0;191;383;426
168.0;192;391;417
174.0;198;394;408
180.0;198;399;403
186.0;204;402;394
192.0;203;402;395
198.0;201;409;390
204.0;200;411;389
210.0;201;416;383
216.0;205;417;378
222.0;207;416;377
228.0;210;414;376
234.0;213;414;373
240.0;216;414;370
246.0;222;411;367
252.0;224;414;362
258.0;227;412;361
264.0;229;415;356
270.0;235;420;345
276.0;235;416;349
282.0;239;416;345
288.0;243;416;341
294.0;242;419;339
