#auto generated file!
60.0;40;59;101
66.0;42;59;99
72.0;41;61;98
78.0;42;60;98
84.0;43;59;98
90.0;42;59;99
96.0;41;60;99
102.0;43;60;97
108.0;43;60;97
114.0;43;60;97
120.0;43;60;97
126.0;43;61;96
132.0;44;61;95
138.0;44;62;94
144.0;47;65;88
150.0;46;66;88
156.0;46;68;86
162.0;46;70;84
168.0;46;71;83
174.0;46;71;83
180.0;48;71;81
186.0;48;72;80
192.0;50;73;77
198.0;50;74;76
204.0;50;76;74
210.0;50;76;74
216.0;50;75;75
222.0;49;72;79
228.0;50;71;79
234.0;48;70;82
240.0;48;71;81
246.0;47;74;79
252.0;49;74;77
258.0;49;75;76
264.0;49;75;76
270.0;51;73;76
276.0;52;73;75
282.0;53;75;72
288.0;53;74;73
294.0;53;75;72
