#auto generated file!
60.0;74;132;194
66.0;71;135;194
72.0;72;140;188
78.0;72;143;185
84.0;74;140;186
90.0;74;143;183
96.0;73;144;183
102.0;77;143;180
108.0;75;143;182
114.0;75;148;177
120.0;75;153;172
126.0;78;153;169
132.0;78;154;168
138.0;78;154;168
144.0;79;158;163
150.0;80;161;159
156.0;80;162;158
162.0;83;162;155
168.0;83;167;150
174.0;82;167;151
180.0;80;170;150
186.0;81;170;149
192.0;81;170;149
198.0;82;170;148
204.0;82;171;147
210.0;85;170;145
216.0;86;170;144
222.0;89;172;139
228.0;92;172;136
234.0;91;170;139
240.0;94;167;139
246.0;94;166;140
252.0;94;164;142
258.0;96;163;141
264.0;94;166;140
270.0;95;165;140
276.0;91;163;146
282.0;90;159;151
288.0;88;163;149
294.0;88;165;147
