#auto generated file!
6.0;0.0;0.0;0.0
12.0;0.10714285714285714;0.0;0.0
18.0;2.1785714285714284;0.0;0.0
24.0;4.017857142857143;0.5;0.0
30.0;9.142857142857142;1.75;0.0
36.0;13.607142857142858;0.5;0.0
42.0;21.553571428571427;1.3;0.0
48.0;21.25;0.5;0.0
54.0;28.714285714285715;2.8;0.0
60.0;24.660714285714285;1.0;0.0
66.0;20.25;1.6;0.0
72.0;13.232142857142858;2.25;0.0
78.0;13.803571428571429;2.25;0.0
84.0;10.982142857142858;1.5;0.0
90.0;10.357142857142858;0.75;0.0
96.0;12.553571428571429;0.75;0.0
102.0;15.446428571428571;1.0;0.0
108.0;19.428571428571427;0.5;0.0
114.0;17.517857142857142;1.25;0.0
120.0;18.107142857142858;0.5;0.0
126.0;13.285714285714286;0.25;0.0
132.0;7.482142857142857;0.25;0.0
138.0;4.017857142857143;0.25;0.0
144.0;4.5;0.0;0.0
150.0;3.6607142857142856;0.0;0.0
156.0;6.160714285714286;0.0;0.0
162.0;9.428571428571429;0.0;0.0
168.0;15.928571428571429;0.55;0.0
174.0;17.589285714285715;0.9500000000000001;0.0
180.0;15.875;0.65;0.0
186.0;13.982142857142858;0.5;0.0
192.0;11.767857142857142;0.75;0.0
198.0;11.410714285714286;0.0;0.0
204.0;11.660714285714286;0.5;0.0
210.0;9.517857142857142;0.0;0.0
216.0;11.910714285714286;0.25;0.0
222.0;14.964285714285714;2.25;0.0
228.0;20.053571428571427;2.25;0.0
234.0;19.571428571428573;1.5;0.0
240.0;15.696428571428571;3.15;0.0
246.0;16.696428571428573;1.0;0.0
252.0;13.910714285714286;4.0;0.0
258.0;12.803571428571429;2.0;0.0
264.0;12.017857142857142;2.0;0.0
270.0;10.464285714285714;0.25;0.0
276.0;12.928571428571429;1.25;0.0
282.0;15.107142857142858;1.5;0.0
288.0;16.821428571428573;2.1;0.0
294.0;16.267857142857142;2.25;0.0
