#auto generated file!
60.0;43;74;83
66.0;43;73;84
72.0;45;74;81
78.0;45;75;80
84.0;48;73;79
90.0;47;74;79
96.0;48;73;79
102.0;49;74;77
108.0;49;73;78
114.0;48;72;80
120.0;48;72;80
126.0;46;74;80
132.0;46;75;79
138.0;46;78;76
144.0;45;78;77
150.0;46;78;76
156.0;46;77;77
162.0;48;75;77
168.0;48;74;78
174.0;49;78;73
180.0;50;78;72
186.0;49;81;70
192.0;48;84;68
198.0;48;85;67
204.0;47;86;67
210.0;47;88;65
216.0;47;86;67
222.0;47;83;70
228.0;47;84;69
234.0;47;84;69
240.0;46;87;67
246.0;47;89;64
252.0;48;87;65
258.0;51;82;67
264.0;51;83;66
270.0;52;81;67
276.0;51;79;70
282.0;51;78;71
288.0;50;78;72
294.0;50;80;70
